Archive member included to satisfy reference by file (symbol)

d:/stm32_install/stm32cubeide_1.7.0/stm32cubeide/plugins/com.st.stm32cube.ide.mcu.externaltools.gnu-tools-for-stm32.9-2020-q2-update.win32_2.0.0.202105311346/tools/bin/../lib/gcc/arm-none-eabi/9.3.1/../../../../arm-none-eabi/lib/thumb/v7e-m+fp/hard\libc_nano.a(lib_a-errno.o)
                              ./Core/Src/syscalls.o (__errno)
d:/stm32_install/stm32cubeide_1.7.0/stm32cubeide/plugins/com.st.stm32cube.ide.mcu.externaltools.gnu-tools-for-stm32.9-2020-q2-update.win32_2.0.0.202105311346/tools/bin/../lib/gcc/arm-none-eabi/9.3.1/../../../../arm-none-eabi/lib/thumb/v7e-m+fp/hard\libc_nano.a(lib_a-exit.o)
                              d:/stm32_install/stm32cubeide_1.7.0/stm32cubeide/plugins/com.st.stm32cube.ide.mcu.externaltools.gnu-tools-for-stm32.9-2020-q2-update.win32_2.0.0.202105311346/tools/bin/../lib/gcc/arm-none-eabi/9.3.1/../../../../arm-none-eabi/lib/thumb/v7e-m+fp/hard/crt0.o (exit)
d:/stm32_install/stm32cubeide_1.7.0/stm32cubeide/plugins/com.st.stm32cube.ide.mcu.externaltools.gnu-tools-for-stm32.9-2020-q2-update.win32_2.0.0.202105311346/tools/bin/../lib/gcc/arm-none-eabi/9.3.1/../../../../arm-none-eabi/lib/thumb/v7e-m+fp/hard\libc_nano.a(lib_a-impure.o)
                              d:/stm32_install/stm32cubeide_1.7.0/stm32cubeide/plugins/com.st.stm32cube.ide.mcu.externaltools.gnu-tools-for-stm32.9-2020-q2-update.win32_2.0.0.202105311346/tools/bin/../lib/gcc/arm-none-eabi/9.3.1/../../../../arm-none-eabi/lib/thumb/v7e-m+fp/hard\libc_nano.a(lib_a-exit.o) (_global_impure_ptr)
d:/stm32_install/stm32cubeide_1.7.0/stm32cubeide/plugins/com.st.stm32cube.ide.mcu.externaltools.gnu-tools-for-stm32.9-2020-q2-update.win32_2.0.0.202105311346/tools/bin/../lib/gcc/arm-none-eabi/9.3.1/../../../../arm-none-eabi/lib/thumb/v7e-m+fp/hard\libc_nano.a(lib_a-init.o)
                              d:/stm32_install/stm32cubeide_1.7.0/stm32cubeide/plugins/com.st.stm32cube.ide.mcu.externaltools.gnu-tools-for-stm32.9-2020-q2-update.win32_2.0.0.202105311346/tools/bin/../lib/gcc/arm-none-eabi/9.3.1/../../../../arm-none-eabi/lib/thumb/v7e-m+fp/hard/crt0.o (__libc_init_array)
d:/stm32_install/stm32cubeide_1.7.0/stm32cubeide/plugins/com.st.stm32cube.ide.mcu.externaltools.gnu-tools-for-stm32.9-2020-q2-update.win32_2.0.0.202105311346/tools/bin/../lib/gcc/arm-none-eabi/9.3.1/../../../../arm-none-eabi/lib/thumb/v7e-m+fp/hard\libc_nano.a(lib_a-memset.o)
                              d:/stm32_install/stm32cubeide_1.7.0/stm32cubeide/plugins/com.st.stm32cube.ide.mcu.externaltools.gnu-tools-for-stm32.9-2020-q2-update.win32_2.0.0.202105311346/tools/bin/../lib/gcc/arm-none-eabi/9.3.1/../../../../arm-none-eabi/lib/thumb/v7e-m+fp/hard/crt0.o (memset)
d:/stm32_install/stm32cubeide_1.7.0/stm32cubeide/plugins/com.st.stm32cube.ide.mcu.externaltools.gnu-tools-for-stm32.9-2020-q2-update.win32_2.0.0.202105311346/tools/bin/../lib/gcc/arm-none-eabi/9.3.1/../../../../arm-none-eabi/lib/thumb/v7e-m+fp/hard\libc_nano.a(lib_a-strlen.o)
                              ./Core/Src/lcd.o (strlen)
d:/stm32_install/stm32cubeide_1.7.0/stm32cubeide/plugins/com.st.stm32cube.ide.mcu.externaltools.gnu-tools-for-stm32.9-2020-q2-update.win32_2.0.0.202105311346/tools/bin/../lib/gcc/arm-none-eabi/9.3.1/thumb/v7e-m+fp/hard\libgcc.a(_aeabi_uldivmod.o)
                              ./Drivers/STM32F4xx_HAL_Driver/Src/stm32f4xx_hal_rcc.o (__aeabi_uldivmod)
d:/stm32_install/stm32cubeide_1.7.0/stm32cubeide/plugins/com.st.stm32cube.ide.mcu.externaltools.gnu-tools-for-stm32.9-2020-q2-update.win32_2.0.0.202105311346/tools/bin/../lib/gcc/arm-none-eabi/9.3.1/thumb/v7e-m+fp/hard\libgcc.a(_udivmoddi4.o)
                              d:/stm32_install/stm32cubeide_1.7.0/stm32cubeide/plugins/com.st.stm32cube.ide.mcu.externaltools.gnu-tools-for-stm32.9-2020-q2-update.win32_2.0.0.202105311346/tools/bin/../lib/gcc/arm-none-eabi/9.3.1/thumb/v7e-m+fp/hard\libgcc.a(_aeabi_uldivmod.o) (__udivmoddi4)
d:/stm32_install/stm32cubeide_1.7.0/stm32cubeide/plugins/com.st.stm32cube.ide.mcu.externaltools.gnu-tools-for-stm32.9-2020-q2-update.win32_2.0.0.202105311346/tools/bin/../lib/gcc/arm-none-eabi/9.3.1/thumb/v7e-m+fp/hard\libgcc.a(_dvmd_tls.o)
                              d:/stm32_install/stm32cubeide_1.7.0/stm32cubeide/plugins/com.st.stm32cube.ide.mcu.externaltools.gnu-tools-for-stm32.9-2020-q2-update.win32_2.0.0.202105311346/tools/bin/../lib/gcc/arm-none-eabi/9.3.1/thumb/v7e-m+fp/hard\libgcc.a(_aeabi_uldivmod.o) (__aeabi_ldiv0)

Allocating common symbols
Common symbol       size              file

huart3              0x44              ./Core/Src/usart.o
uwTick              0x4               ./Drivers/STM32F4xx_HAL_Driver/Src/stm32f4xx_hal.o
pFlash              0x20              ./Drivers/STM32F4xx_HAL_Driver/Src/stm32f4xx_hal_flash.o
hsram1              0x50              ./Core/Src/fsmc.o
lcddev              0x6               ./Core/Src/lcd.o
s                   0x32              ./Core/Src/lcd.o
[...]
Memory Configuration

Name             Origin             Length             Attributes
CCMRAM           0x0000000010000000 0x0000000000010000 xrw
RAM              0x0000000020000000 0x0000000000020000 xrw
FLASH            0x0000000008000000 0x0000000000100000 xr
*default*        0x0000000000000000 0xffffffffffffffff

Linker script and memory map

LOAD d:/stm32_install/stm32cubeide_1.7.0/stm32cubeide/plugins/com.st.stm32cube.ide.mcu.externaltools.gnu-tools-for-stm32.9-2020-q2-update.win32_2.0.0.202105311346/tools/bin/../lib/gcc/arm-none-eabi/9.3.1/thumb/v7e-m+fp/hard/crti.o
LOAD d:/stm32_install/stm32cubeide_1.7.0/stm32cubeide/plugins/com.st.stm32cube.ide.mcu.externaltools.gnu-tools-for-stm32.9-2020-q2-update.win32_2.0.0.202105311346/tools/bin/../lib/gcc/arm-none-eabi/9.3.1/thumb/v7e-m+fp/hard/crtbegin.o
LOAD d:/stm32_install/stm32cubeide_1.7.0/stm32cubeide/plugins/com.st.stm32cube.ide.mcu.externaltools.gnu-tools-for-stm32.9-2020-q2-update.win32_2.0.0.202105311346/tools/bin/../lib/gcc/arm-none-eabi/9.3.1/../../../../arm-none-eabi/lib/thumb/v7e-m+fp/hard/crt0.o
LOAD ./Core/Src/fsmc.o
LOAD ./Core/Src/gpio.o
LOAD ./Core/Src/lcd.o
LOAD ./Core/Src/main.o
LOAD ./Core/Src/spi.o
LOAD ./Core/Src/stm32f4xx_hal_msp.o
LOAD ./Core/Src/stm32f4xx_it.o
LOAD ./Core/Src/syscalls.o
LOAD ./Core/Src/sysmem.o
LOAD ./Core/Src/system_stm32f4xx.o
LOAD ./Core/Src/tim.o
LOAD ./Core/Src/usart.o
LOAD ./Core/Startup/startup_stm32f407zetx.o
LOAD ./Drivers/STM32F4xx_HAL_Driver/Src/stm32f4xx_hal.o
LOAD ./Drivers/STM32F4xx_HAL_Driver/Src/stm32f4xx_hal_cortex.o
LOAD ./Drivers/STM32F4xx_HAL_Driver/Src/stm32f4xx_hal_dma.o
LOAD ./Drivers/STM32F4xx_HAL_Driver/Src/stm32f4xx_hal_dma_ex.o
LOAD ./Drivers/STM32F4xx_HAL_Driver/Src/stm32f4xx_hal_exti.o
LOAD ./Drivers/STM32F4xx_HAL_Driver/Src/stm32f4xx_hal_flash.o
LOAD ./Drivers/STM32F4xx_HAL_Driver/Src/stm32f4xx_hal_flash_ex.o
LOAD ./Drivers/STM32F4xx_HAL_Driver/Src/stm32f4xx_hal_flash_ramfunc.o
LOAD ./Drivers/STM32F4xx_HAL_Driver/Src/stm32f4xx_hal_gpio.o
LOAD ./Drivers/STM32F4xx_HAL_Driver/Src/stm32f4xx_hal_pwr.o
LOAD ./Drivers/STM32F4xx_HAL_Driver/Src/stm32f4xx_hal_pwr_ex.o
LOAD ./Drivers/STM32F4xx_HAL_Driver/Src/stm32f4xx_hal_rcc.o
LOAD ./Drivers/STM32F4xx_HAL_Driver/Src/stm32f4xx_hal_rcc_ex.o
LOAD ./Drivers/STM32F4xx_HAL_Driver/Src/stm32f4xx_hal_spi.o
LOAD ./Drivers/STM32F4xx_HAL_Driver/Src/stm32f4xx_hal_sram.o
LOAD ./Drivers/STM32F4xx_HAL_Driver/Src/stm32f4xx_hal_tim.o
LOAD ./Drivers/STM32F4xx_HAL_Driver/Src/stm32f4xx_hal_tim_ex.o
LOAD ./Drivers/STM32F4xx_HAL_Driver/Src/stm32f4xx_hal_uart.o
LOAD ./Drivers/STM32F4xx_HAL_Driver/Src/stm32f4xx_ll_fsmc.o
START GROUP
LOAD d:/stm32_install/stm32cubeide_1.7.0/stm32cubeide/plugins/com.st.stm32cube.ide.mcu.externaltools.gnu-tools-for-stm32.9-2020-q2-update.win32_2.0.0.202105311346/tools/bin/../lib/gcc/arm-none-eabi/9.3.1/../../../../arm-none-eabi/lib/thumb/v7e-m+fp/hard\libc_nano.a
LOAD d:/stm32_install/stm32cubeide_1.7.0/stm32cubeide/plugins/com.st.stm32cube.ide.mcu.externaltools.gnu-tools-for-stm32.9-2020-q2-update.win32_2.0.0.202105311346/tools/bin/../lib/gcc/arm-none-eabi/9.3.1/../../../../arm-none-eabi/lib/thumb/v7e-m+fp/hard\libm.a
END GROUP
START GROUP
LOAD d:/stm32_install/stm32cubeide_1.7.0/stm32cubeide/plugins/com.st.stm32cube.ide.mcu.externaltools.gnu-tools-for-stm32.9-2020-q2-update.win32_2.0.0.202105311346/tools/bin/../lib/gcc/arm-none-eabi/9.3.1/thumb/v7e-m+fp/hard\libgcc.a
LOAD d:/stm32_install/stm32cubeide_1.7.0/stm32cubeide/plugins/com.st.stm32cube.ide.mcu.externaltools.gnu-tools-for-stm32.9-2020-q2-update.win32_2.0.0.202105311346/tools/bin/../lib/gcc/arm-none-eabi/9.3.1/../../../../arm-none-eabi/lib/thumb/v7e-m+fp/hard\libc_nano.a
END GROUP
START GROUP
LOAD d:/stm32_install/stm32cubeide_1.7.0/stm32cubeide/plugins/com.st.stm32cube.ide.mcu.externaltools.gnu-tools-for-stm32.9-2020-q2-update.win32_2.0.0.202105311346/tools/bin/../lib/gcc/arm-none-eabi/9.3.1/thumb/v7e-m+fp/hard\libgcc.a
LOAD d:/stm32_install/stm32cubeide_1.7.0/stm32cubeide/plugins/com.st.stm32cube.ide.mcu.externaltools.gnu-tools-for-stm32.9-2020-q2-update.win32_2.0.0.202105311346/tools/bin/../lib/gcc/arm-none-eabi/9.3.1/../../../../arm-none-eabi/lib/thumb/v7e-m+fp/hard\libc_nano.a
LOAD d:/stm32_install/stm32cubeide_1.7.0/stm32cubeide/plugins/com.st.stm32cube.ide.mcu.externaltools.gnu-tools-for-stm32.9-2020-q2-update.win32_2.0.0.202105311346/tools/bin/../lib/gcc/arm-none-eabi/9.3.1/../../../../arm-none-eabi/lib/thumb/v7e-m+fp/hard\libnosys.a
END GROUP
START GROUP
LOAD d:/stm32_install/stm32cubeide_1.7.0/stm32cubeide/plugins/com.st.stm32cube.ide.mcu.externaltools.gnu-tools-for-stm32.9-2020-q2-update.win32_2.0.0.202105311346/tools/bin/../lib/gcc/arm-none-eabi/9.3.1/thumb/v7e-m+fp/hard\libgcc.a
LOAD d:/stm32_install/stm32cubeide_1.7.0/stm32cubeide/plugins/com.st.stm32cube.ide.mcu.externaltools.gnu-tools-for-stm32.9-2020-q2-update.win32_2.0.0.202105311346/tools/bin/../lib/gcc/arm-none-eabi/9.3.1/../../../../arm-none-eabi/lib/thumb/v7e-m+fp/hard\libc_nano.a
LOAD d:/stm32_install/stm32cubeide_1.7.0/stm32cubeide/plugins/com.st.stm32cube.ide.mcu.externaltools.gnu-tools-for-stm32.9-2020-q2-update.win32_2.0.0.202105311346/tools/bin/../lib/gcc/arm-none-eabi/9.3.1/../../../../arm-none-eabi/lib/thumb/v7e-m+fp/hard\libnosys.a
END GROUP
LOAD d:/stm32_install/stm32cubeide_1.7.0/stm32cubeide/plugins/com.st.stm32cube.ide.mcu.externaltools.gnu-tools-for-stm32.9-2020-q2-update.win32_2.0.0.202105311346/tools/bin/../lib/gcc/arm-none-eabi/9.3.1/thumb/v7e-m+fp/hard/crtend.o
LOAD d:/stm32_install/stm32cubeide_1.7.0/stm32cubeide/plugins/com.st.stm32cube.ide.mcu.externaltools.gnu-tools-for-stm32.9-2020-q2-update.win32_2.0.0.202105311346/tools/bin/../lib/gcc/arm-none-eabi/9.3.1/thumb/v7e-m+fp/hard/crtn.o
                0x0000000020020000                _estack = (ORIGIN (RAM) + LENGTH (RAM))
                0x0000000000000200                _Min_Heap_Size = 0x200
                0x0000000000000400                _Min_Stack_Size = 0x400

.isr_vector     0x0000000008000000      0x188
                0x0000000008000000                . = ALIGN (0x4)
 *(.isr_vector)
 .isr_vector    0x0000000008000000      0x188 ./Core/Startup/startup_stm32f407zetx.o
                0x0000000008000000                g_pfnVectors
                0x0000000008000188                . = ALIGN (0x4)

.text           0x0000000008000188     0x3ea4
                0x0000000008000188                . = ALIGN (0x4)
 *(.text)
 .text          0x0000000008000188       0x40 d:/stm32_install/stm32cubeide_1.7.0/stm32cubeide/plugins/com.st.stm32cube.ide.mcu.externaltools.gnu-tools-for-stm32.9-2020-q2-update.win32_2.0.0.202105311346/tools/bin/../lib/gcc/arm-none-eabi/9.3.1/thumb/v7e-m+fp/hard/crtbegin.o
 .text          0x00000000080001c8       0x30 d:/stm32_install/stm32cubeide_1.7.0/stm32cubeide/plugins/com.st.stm32cube.ide.mcu.externaltools.gnu-tools-for-stm32.9-2020-q2-update.win32_2.0.0.202105311346/tools/bin/../lib/gcc/arm-none-eabi/9.3.1/thumb/v7e-m+fp/hard\libgcc.a(_aeabi_uldivmod.o)
                0x00000000080001c8                __aeabi_uldivmod
 .text          0x00000000080001f8      0x2c4 d:/stm32_install/stm32cubeide_1.7.0/stm32cubeide/plugins/com.st.stm32cube.ide.mcu.externaltools.gnu-tools-for-stm32.9-2020-q2-update.win32_2.0.0.202105311346/tools/bin/../lib/gcc/arm-none-eabi/9.3.1/thumb/v7e-m+fp/hard\libgcc.a(_udivmoddi4.o)
                0x00000000080001f8                __udivmoddi4
 .text          0x00000000080004bc        0x4 d:/stm32_install/stm32cubeide_1.7.0/stm32cubeide/plugins/com.st.stm32cube.ide.mcu.externaltools.gnu-tools-for-stm32.9-2020-q2-update.win32_2.0.0.202105311346/tools/bin/../lib/gcc/arm-none-eabi/9.3.1/thumb/v7e-m+fp/hard\libgcc.a(_dvmd_tls.o)
                0x00000000080004bc                __aeabi_idiv0
                0x00000000080004bc                __aeabi_ldiv0
 *(.text*)
 .text.MX_FSMC_Init
                0x00000000080004c0       0xf4 ./Core/Src/fsmc.o
                0x00000000080004c0                MX_FSMC_Init
 .text.HAL_FSMC_MspInit
                0x00000000080005b4       0x98 ./Core/Src/fsmc.o
 .text.HAL_SRAM_MspInit
                0x000000000800064c       0x14 ./Core/Src/fsmc.o
                0x000000000800064c                HAL_SRAM_MspInit
 .text.MX_GPIO_Init
                0x0000000008000660      0x26c ./Core/Src/gpio.o
                0x0000000008000660                MX_GPIO_Init
 .text.LCD_WR_REG
                0x00000000080008cc       0x20 ./Core/Src/lcd.o
                0x00000000080008cc                LCD_WR_REG
 .text.LCD_WR_DATA
                0x00000000080008ec       0x20 ./Core/Src/lcd.o
                0x00000000080008ec                LCD_WR_DATA
 .text.LCD_RD_DATA
                0x000000000800090c       0x24 ./Core/Src/lcd.o
                0x000000000800090c                LCD_RD_DATA
 .text.lcd_AddressSet
                0x0000000008000930       0x98 ./Core/Src/lcd.o
                0x0000000008000930                lcd_AddressSet
 .text.lcd_DrawPoint
                0x00000000080009c8       0x2e ./Core/Src/lcd.o
                0x00000000080009c8                lcd_DrawPoint
 *fill*         0x00000000080009f6        0x2 
 .text.lcd_ShowChar
                0x00000000080009f8      0x1a0 ./Core/Src/lcd.o
                0x00000000080009f8                lcd_ShowChar
 .text.mypow    0x0000000008000b98       0x38 ./Core/Src/lcd.o
                0x0000000008000b98                mypow
 .text.lcd_ShowIntNum
                0x0000000008000bd0       0xfc ./Core/Src/lcd.o
                0x0000000008000bd0                lcd_ShowIntNum
 .text.lcd_SetDir
                0x0000000008000ccc       0x48 ./Core/Src/lcd.o
                0x0000000008000ccc                lcd_SetDir
 .text.lcd_init
                0x0000000008000d14      0x2c0 ./Core/Src/lcd.o
                0x0000000008000d14                lcd_init
 .text.main     0x0000000008000fd4       0xd4 ./Core/Src/main.o
                0x0000000008000fd4                main
 .text.SystemClock_Config
                0x00000000080010a8       0xd4 ./Core/Src/main.o
                0x00000000080010a8                SystemClock_Config
 .text.Error_Handler
                0x000000000800117c        0xa ./Core/Src/main.o
                0x000000000800117c                Error_Handler
 *fill*         0x0000000008001186        0x2 
 .text.MX_SPI1_Init
                0x0000000008001188       0x6c ./Core/Src/spi.o
                0x0000000008001188                MX_SPI1_Init
 .text.HAL_SPI_MspInit
                0x00000000080011f4       0x90 ./Core/Src/spi.o
                0x00000000080011f4                HAL_SPI_MspInit
 .text.HAL_MspInit
                0x0000000008001284       0x50 ./Core/Src/stm32f4xx_hal_msp.o
                0x0000000008001284                HAL_MspInit
 .text.NMI_Handler
                0x00000000080012d4        0x6 ./Core/Src/stm32f4xx_it.o
                0x00000000080012d4                NMI_Handler
 .text.HardFault_Handler
                0x00000000080012da        0x6 ./Core/Src/stm32f4xx_it.o
                0x00000000080012da                HardFault_Handler
 .text.MemManage_Handler
                0x00000000080012e0        0x6 ./Core/Src/stm32f4xx_it.o
                0x00000000080012e0                MemManage_Handler
 .text.BusFault_Handler
                0x00000000080012e6        0x6 ./Core/Src/stm32f4xx_it.o
                0x00000000080012e6                BusFault_Handler
 .text.UsageFault_Handler
                0x00000000080012ec        0x6 ./Core/Src/stm32f4xx_it.o
                0x00000000080012ec                UsageFault_Handler
 .text.SVC_Handler
                0x00000000080012f2        0xe ./Core/Src/stm32f4xx_it.o
                0x00000000080012f2                SVC_Handler
 .text.DebugMon_Handler
                0x0000000008001300        0xe ./Core/Src/stm32f4xx_it.o
                0x0000000008001300                DebugMon_Handler
 .text.PendSV_Handler
                0x000000000800130e        0xe ./Core/Src/stm32f4xx_it.o
                0x000000000800130e                PendSV_Handler
 .text.SysTick_Handler
                0x000000000800131c        0xc ./Core/Src/stm32f4xx_it.o
                0x000000000800131c                SysTick_Handler
 .text.TIM2_IRQHandler
                0x0000000008001328       0x14 ./Core/Src/stm32f4xx_it.o
                0x0000000008001328                TIM2_IRQHandler
 .text.USART2_IRQHandler
                0x000000000800133c       0x14 ./Core/Src/stm32f4xx_it.o
                0x000000000800133c                USART2_IRQHandler
 .text.USART3_IRQHandler
                0x0000000008001350       0x14 ./Core/Src/stm32f4xx_it.o
                0x0000000008001350                USART3_IRQHandler
 .text.SystemInit
                0x0000000008001364       0x24 ./Core/Src/system_stm32f4xx.o
                0x0000000008001364                SystemInit
 .text.MX_TIM2_Init
                0x0000000008001388       0x98 ./Core/Src/tim.o
                0x0000000008001388                MX_TIM2_Init
 .text.HAL_TIM_Base_MspInit
                0x0000000008001420       0x4c ./Core/Src/tim.o
                0x0000000008001420                HAL_TIM_Base_MspInit
 .text.MX_USART2_UART_Init
                0x000000000800146c       0x54 ./Core/Src/usart.o
                0x000000000800146c                MX_USART2_UART_Init
 .text.MX_USART3_UART_Init
                0x00000000080014c0       0x54 ./Core/Src/usart.o
                0x00000000080014c0                MX_USART3_UART_Init
 .text.HAL_UART_MspInit
                0x0000000008001514      0x11c ./Core/Src/usart.o
                0x0000000008001514                HAL_UART_MspInit
 .text.Reset_Handler
                0x0000000008001630       0x50 ./Core/Startup/startup_stm32f407zetx.o
                0x0000000008001630                Reset_Handler
 .text.Default_Handler
                0x0000000008001680        0x2 ./Core/Startup/startup_stm32f407zetx.o
                0x0000000008001680                RTC_Alarm_IRQHandler
                0x0000000008001680                HASH_RNG_IRQHandler
                0x0000000008001680                EXTI2_IRQHandler
                0x0000000008001680                TIM8_CC_IRQHandler
                0x0000000008001680                TIM1_CC_IRQHandler
                0x0000000008001680                DMA2_Stream5_IRQHandler
                0x0000000008001680                DMA1_Stream5_IRQHandler
                0x0000000008001680                PVD_IRQHandler
                0x0000000008001680                SDIO_IRQHandler
                0x0000000008001680                TAMP_STAMP_IRQHandler
                0x0000000008001680                CAN2_RX1_IRQHandler
                0x0000000008001680                EXTI3_IRQHandler
                0x0000000008001680                TIM8_TRG_COM_TIM14_IRQHandler
                0x0000000008001680                TIM1_UP_TIM10_IRQHandler
                0x0000000008001680                TIM8_UP_TIM13_IRQHandler
                0x0000000008001680                I2C3_ER_IRQHandler
                0x0000000008001680                EXTI0_IRQHandler
                0x0000000008001680                I2C2_EV_IRQHandler
                0x0000000008001680                DMA1_Stream2_IRQHandler
                0x0000000008001680                CAN1_RX0_IRQHandler
                0x0000000008001680                FPU_IRQHandler
                0x0000000008001680                OTG_HS_WKUP_IRQHandler
                0x0000000008001680                CAN2_SCE_IRQHandler
                0x0000000008001680                DMA2_Stream2_IRQHandler
                0x0000000008001680                SPI1_IRQHandler
                0x0000000008001680                TIM6_DAC_IRQHandler
                0x0000000008001680                TIM1_BRK_TIM9_IRQHandler
                0x0000000008001680                DCMI_IRQHandler
                0x0000000008001680                CAN2_RX0_IRQHandler
                0x0000000008001680                DMA2_Stream3_IRQHandler
                0x0000000008001680                USART6_IRQHandler
                0x0000000008001680                CAN1_RX1_IRQHandler
                0x0000000008001680                UART5_IRQHandler
                0x0000000008001680                DMA2_Stream0_IRQHandler
                0x0000000008001680                TIM4_IRQHandler
                0x0000000008001680                I2C1_EV_IRQHandler
                0x0000000008001680                DMA1_Stream6_IRQHandler
                0x0000000008001680                DMA1_Stream1_IRQHandler
                0x0000000008001680                UART4_IRQHandler
                0x0000000008001680                TIM3_IRQHandler
                0x0000000008001680                RCC_IRQHandler
                0x0000000008001680                TIM8_BRK_TIM12_IRQHandler
                0x0000000008001680                Default_Handler
                0x0000000008001680                EXTI15_10_IRQHandler
                0x0000000008001680                ADC_IRQHandler
                0x0000000008001680                DMA1_Stream7_IRQHandler
                0x0000000008001680                TIM7_IRQHandler
                0x0000000008001680                CAN2_TX_IRQHandler
                0x0000000008001680                TIM5_IRQHandler
                0x0000000008001680                DMA2_Stream7_IRQHandler
                0x0000000008001680                I2C3_EV_IRQHandler
                0x0000000008001680                EXTI9_5_IRQHandler
                0x0000000008001680                RTC_WKUP_IRQHandler
                0x0000000008001680                ETH_WKUP_IRQHandler
                0x0000000008001680                SPI2_IRQHandler
                0x0000000008001680                OTG_HS_EP1_IN_IRQHandler
                0x0000000008001680                DMA1_Stream0_IRQHandler
                0x0000000008001680                CAN1_TX_IRQHandler
                0x0000000008001680                EXTI4_IRQHandler
                0x0000000008001680                FSMC_IRQHandler
                0x0000000008001680                ETH_IRQHandler
                0x0000000008001680                OTG_HS_EP1_OUT_IRQHandler
                0x0000000008001680                WWDG_IRQHandler
                0x0000000008001680                OTG_FS_WKUP_IRQHandler
                0x0000000008001680                TIM1_TRG_COM_TIM11_IRQHandler
                0x0000000008001680                OTG_HS_IRQHandler
                0x0000000008001680                EXTI1_IRQHandler
                0x0000000008001680                I2C2_ER_IRQHandler
                0x0000000008001680                DMA2_Stream1_IRQHandler
                0x0000000008001680                CAN1_SCE_IRQHandler
                0x0000000008001680                FLASH_IRQHandler
                0x0000000008001680                DMA2_Stream4_IRQHandler
                0x0000000008001680                USART1_IRQHandler
                0x0000000008001680                OTG_FS_IRQHandler
                0x0000000008001680                SPI3_IRQHandler
                0x0000000008001680                DMA1_Stream4_IRQHandler
                0x0000000008001680                I2C1_ER_IRQHandler
                0x0000000008001680                DMA2_Stream6_IRQHandler
                0x0000000008001680                DMA1_Stream3_IRQHandler
 *fill*         0x0000000008001682        0x2 
 .text.HAL_Init
                0x0000000008001684       0x44 ./Drivers/STM32F4xx_HAL_Driver/Src/stm32f4xx_hal.o
                0x0000000008001684                HAL_Init
 .text.HAL_InitTick
                0x00000000080016c8       0x60 ./Drivers/STM32F4xx_HAL_Driver/Src/stm32f4xx_hal.o
                0x00000000080016c8                HAL_InitTick
 .text.HAL_IncTick
                0x0000000008001728       0x28 ./Drivers/STM32F4xx_HAL_Driver/Src/stm32f4xx_hal.o
                0x0000000008001728                HAL_IncTick
 .text.HAL_GetTick
                0x0000000008001750       0x18 ./Drivers/STM32F4xx_HAL_Driver/Src/stm32f4xx_hal.o
                0x0000000008001750                HAL_GetTick
 .text.HAL_Delay
                0x0000000008001768       0x48 ./Drivers/STM32F4xx_HAL_Driver/Src/stm32f4xx_hal.o
                0x0000000008001768                HAL_Delay
 .text.__NVIC_SetPriorityGrouping
                0x00000000080017b0       0x48 ./Drivers/STM32F4xx_HAL_Driver/Src/stm32f4xx_hal_cortex.o
 .text.__NVIC_GetPriorityGrouping
                0x00000000080017f8       0x1c ./Drivers/STM32F4xx_HAL_Driver/Src/stm32f4xx_hal_cortex.o
 .text.__NVIC_EnableIRQ
                0x0000000008001814       0x3c ./Drivers/STM32F4xx_HAL_Driver/Src/stm32f4xx_hal_cortex.o
 .text.__NVIC_SetPriority
                0x0000000008001850       0x54 ./Drivers/STM32F4xx_HAL_Driver/Src/stm32f4xx_hal_cortex.o
 .text.NVIC_EncodePriority
                0x00000000080018a4       0x66 ./Drivers/STM32F4xx_HAL_Driver/Src/stm32f4xx_hal_cortex.o
 *fill*         0x000000000800190a        0x2 
 .text.SysTick_Config
                0x000000000800190c       0x44 ./Drivers/STM32F4xx_HAL_Driver/Src/stm32f4xx_hal_cortex.o
 .text.HAL_NVIC_SetPriorityGrouping
                0x0000000008001950       0x16 ./Drivers/STM32F4xx_HAL_Driver/Src/stm32f4xx_hal_cortex.o
                0x0000000008001950                HAL_NVIC_SetPriorityGrouping
 .text.HAL_NVIC_SetPriority
                0x0000000008001966       0x38 ./Drivers/STM32F4xx_HAL_Driver/Src/stm32f4xx_hal_cortex.o
                0x0000000008001966                HAL_NVIC_SetPriority
 .text.HAL_NVIC_EnableIRQ
                0x000000000800199e       0x1c ./Drivers/STM32F4xx_HAL_Driver/Src/stm32f4xx_hal_cortex.o
                0x000000000800199e                HAL_NVIC_EnableIRQ
 .text.HAL_SYSTICK_Config
                0x00000000080019ba       0x18 ./Drivers/STM32F4xx_HAL_Driver/Src/stm32f4xx_hal_cortex.o
                0x00000000080019ba                HAL_SYSTICK_Config
 .text.HAL_DMA_Abort
                0x00000000080019d2       0xe0 ./Drivers/STM32F4xx_HAL_Driver/Src/stm32f4xx_hal_dma.o
                0x00000000080019d2                HAL_DMA_Abort
 .text.HAL_DMA_Abort_IT
                0x0000000008001ab2       0x44 ./Drivers/STM32F4xx_HAL_Driver/Src/stm32f4xx_hal_dma.o
                0x0000000008001ab2                HAL_DMA_Abort_IT
 *fill*         0x0000000008001af6        0x2 
 .text.HAL_GPIO_Init
                0x0000000008001af8      0x338 ./Drivers/STM32F4xx_HAL_Driver/Src/stm32f4xx_hal_gpio.o
                0x0000000008001af8                HAL_GPIO_Init
 .text.HAL_GPIO_ReadPin
                0x0000000008001e30       0x30 ./Drivers/STM32F4xx_HAL_Driver/Src/stm32f4xx_hal_gpio.o
                0x0000000008001e30                HAL_GPIO_ReadPin
 .text.HAL_GPIO_WritePin
                0x0000000008001e60       0x32 ./Drivers/STM32F4xx_HAL_Driver/Src/stm32f4xx_hal_gpio.o
                0x0000000008001e60                HAL_GPIO_WritePin
 *fill*         0x0000000008001e92        0x2 
 .text.HAL_RCC_OscConfig
                0x0000000008001e94      0x4f0 ./Drivers/STM32F4xx_HAL_Driver/Src/stm32f4xx_hal_rcc.o
                0x0000000008001e94                HAL_RCC_OscConfig
 .text.HAL_RCC_ClockConfig
                0x0000000008002384      0x1cc ./Drivers/STM32F4xx_HAL_Driver/Src/stm32f4xx_hal_rcc.o
                0x0000000008002384                HAL_RCC_ClockConfig
 .text.HAL_RCC_GetSysClockFreq
                0x0000000008002550      0x1c4 ./Drivers/STM32F4xx_HAL_Driver/Src/stm32f4xx_hal_rcc.o
                0x0000000008002550                HAL_RCC_GetSysClockFreq
 .text.HAL_RCC_GetHCLKFreq
                0x0000000008002714       0x18 ./Drivers/STM32F4xx_HAL_Driver/Src/stm32f4xx_hal_rcc.o
                0x0000000008002714                HAL_RCC_GetHCLKFreq
 .text.HAL_RCC_GetPCLK1Freq
                0x000000000800272c       0x28 ./Drivers/STM32F4xx_HAL_Driver/Src/stm32f4xx_hal_rcc.o
                0x000000000800272c                HAL_RCC_GetPCLK1Freq
 .text.HAL_RCC_GetPCLK2Freq
                0x0000000008002754       0x28 ./Drivers/STM32F4xx_HAL_Driver/Src/stm32f4xx_hal_rcc.o
                0x0000000008002754                HAL_RCC_GetPCLK2Freq
 .text.HAL_SPI_Init
                0x000000000800277c      0x112 ./Drivers/STM32F4xx_HAL_Driver/Src/stm32f4xx_hal_spi.o
                0x000000000800277c                HAL_SPI_Init
 .text.HAL_SRAM_Init
                0x000000000800288e       0x88 ./Drivers/STM32F4xx_HAL_Driver/Src/stm32f4xx_hal_sram.o
                0x000000000800288e                HAL_SRAM_Init
 .text.HAL_TIM_Base_Init
                0x0000000008002916       0x9e ./Drivers/STM32F4xx_HAL_Driver/Src/stm32f4xx_hal_tim.o
                0x0000000008002916                HAL_TIM_Base_Init
 .text.HAL_TIM_IRQHandler
                0x00000000080029b4      0x210 ./Drivers/STM32F4xx_HAL_Driver/Src/stm32f4xx_hal_tim.o
                0x00000000080029b4                HAL_TIM_IRQHandler
 .text.HAL_TIM_ConfigClockSource
                0x0000000008002bc4      0x18e ./Drivers/STM32F4xx_HAL_Driver/Src/stm32f4xx_hal_tim.o
                0x0000000008002bc4                HAL_TIM_ConfigClockSource
 .text.HAL_TIM_PeriodElapsedCallback
                0x0000000008002d52       0x14 ./Drivers/STM32F4xx_HAL_Driver/Src/stm32f4xx_hal_tim.o
                0x0000000008002d52                HAL_TIM_PeriodElapsedCallback
 .text.HAL_TIM_OC_DelayElapsedCallback
                0x0000000008002d66       0x14 ./Drivers/STM32F4xx_HAL_Driver/Src/stm32f4xx_hal_tim.o
                0x0000000008002d66                HAL_TIM_OC_DelayElapsedCallback
 .text.HAL_TIM_IC_CaptureCallback
                0x0000000008002d7a       0x14 ./Drivers/STM32F4xx_HAL_Driver/Src/stm32f4xx_hal_tim.o
                0x0000000008002d7a                HAL_TIM_IC_CaptureCallback
 .text.HAL_TIM_PWM_PulseFinishedCallback
                0x0000000008002d8e       0x14 ./Drivers/STM32F4xx_HAL_Driver/Src/stm32f4xx_hal_tim.o
                0x0000000008002d8e                HAL_TIM_PWM_PulseFinishedCallback
 .text.HAL_TIM_TriggerCallback
                0x0000000008002da2       0x14 ./Drivers/STM32F4xx_HAL_Driver/Src/stm32f4xx_hal_tim.o
                0x0000000008002da2                HAL_TIM_TriggerCallback
 *fill*         0x0000000008002db6        0x2 
 .text.TIM_Base_SetConfig
                0x0000000008002db8      0x140 ./Drivers/STM32F4xx_HAL_Driver/Src/stm32f4xx_hal_tim.o
                0x0000000008002db8                TIM_Base_SetConfig
 .text.TIM_TI1_ConfigInputStage
                0x0000000008002ef8       0x5e ./Drivers/STM32F4xx_HAL_Driver/Src/stm32f4xx_hal_tim.o
 .text.TIM_TI2_ConfigInputStage
                0x0000000008002f56       0x60 ./Drivers/STM32F4xx_HAL_Driver/Src/stm32f4xx_hal_tim.o
 .text.TIM_ITRx_SetConfig
                0x0000000008002fb6       0x36 ./Drivers/STM32F4xx_HAL_Driver/Src/stm32f4xx_hal_tim.o
 .text.TIM_ETR_SetConfig
                0x0000000008002fec       0x40 ./Drivers/STM32F4xx_HAL_Driver/Src/stm32f4xx_hal_tim.o
                0x0000000008002fec                TIM_ETR_SetConfig
 .text.HAL_TIMEx_MasterConfigSynchronization
                0x000000000800302c       0xf8 ./Drivers/STM32F4xx_HAL_Driver/Src/stm32f4xx_hal_tim_ex.o
                0x000000000800302c                HAL_TIMEx_MasterConfigSynchronization
 .text.HAL_TIMEx_CommutCallback
                0x0000000008003124       0x14 ./Drivers/STM32F4xx_HAL_Driver/Src/stm32f4xx_hal_tim_ex.o
                0x0000000008003124                HAL_TIMEx_CommutCallback
 .text.HAL_TIMEx_BreakCallback
                0x0000000008003138       0x14 ./Drivers/STM32F4xx_HAL_Driver/Src/stm32f4xx_hal_tim_ex.o
                0x0000000008003138                HAL_TIMEx_BreakCallback
 .text.HAL_UART_Init
                0x000000000800314c       0x9a ./Drivers/STM32F4xx_HAL_Driver/Src/stm32f4xx_hal_uart.o
                0x000000000800314c                HAL_UART_Init
 *fill*         0x00000000080031e6        0x2 
 .text.HAL_UART_IRQHandler
                0x00000000080031e8      0x51c ./Drivers/STM32F4xx_HAL_Driver/Src/stm32f4xx_hal_uart.o
                0x00000000080031e8                HAL_UART_IRQHandler
 .text.HAL_UART_TxCpltCallback
                0x0000000008003704       0x14 ./Drivers/STM32F4xx_HAL_Driver/Src/stm32f4xx_hal_uart.o
                0x0000000008003704                HAL_UART_TxCpltCallback
 .text.HAL_UART_RxCpltCallback
                0x0000000008003718       0x14 ./Drivers/STM32F4xx_HAL_Driver/Src/stm32f4xx_hal_uart.o
                0x0000000008003718                HAL_UART_RxCpltCallback
 .text.HAL_UART_ErrorCallback
                0x000000000800372c       0x14 ./Drivers/STM32F4xx_HAL_Driver/Src/stm32f4xx_hal_uart.o
                0x000000000800372c                HAL_UART_ErrorCallback
 .text.HAL_UARTEx_RxEventCallback
                0x0000000008003740       0x18 ./Drivers/STM32F4xx_HAL_Driver/Src/stm32f4xx_hal_uart.o
                0x0000000008003740                HAL_UARTEx_RxEventCallback
 .text.UART_EndRxTransfer
                0x0000000008003758       0xc6 ./Drivers/STM32F4xx_HAL_Driver/Src/stm32f4xx_hal_uart.o
 .text.UART_DMAAbortOnError
                0x000000000800381e       0x28 ./Drivers/STM32F4xx_HAL_Driver/Src/stm32f4xx_hal_uart.o
 .text.UART_Transmit_IT
                0x0000000008003846       0xa0 ./Drivers/STM32F4xx_HAL_Driver/Src/stm32f4xx_hal_uart.o
 .text.UART_EndTransmit_IT
                0x00000000080038e6       0x30 ./Drivers/STM32F4xx_HAL_Driver/Src/stm32f4xx_hal_uart.o
 .text.UART_Receive_IT
                0x0000000008003916      0x176 ./Drivers/STM32F4xx_HAL_Driver/Src/stm32f4xx_hal_uart.o
 .text.UART_SetConfig
                0x0000000008003a8c      0x390 ./Drivers/STM32F4xx_HAL_Driver/Src/stm32f4xx_hal_uart.o
 .text.FSMC_NORSRAM_Init
                0x0000000008003e1c       0xa4 ./Drivers/STM32F4xx_HAL_Driver/Src/stm32f4xx_ll_fsmc.o
                0x0000000008003e1c                FSMC_NORSRAM_Init
 .text.FSMC_NORSRAM_Timing_Init
                0x0000000008003ec0       0x7a ./Drivers/STM32F4xx_HAL_Driver/Src/stm32f4xx_ll_fsmc.o
                0x0000000008003ec0                FSMC_NORSRAM_Timing_Init
 *fill*         0x0000000008003f3a        0x2 
 .text.FSMC_NORSRAM_Extended_Timing_Init
                0x0000000008003f3c       0x80 ./Drivers/STM32F4xx_HAL_Driver/Src/stm32f4xx_ll_fsmc.o
                0x0000000008003f3c                FSMC_NORSRAM_Extended_Timing_Init
 .text.__libc_init_array
                0x0000000008003fbc       0x48 d:/stm32_install/stm32cubeide_1.7.0/stm32cubeide/plugins/com.st.stm32cube.ide.mcu.externaltools.gnu-tools-for-stm32.9-2020-q2-update.win32_2.0.0.202105311346/tools/bin/../lib/gcc/arm-none-eabi/9.3.1/../../../../arm-none-eabi/lib/thumb/v7e-m+fp/hard\libc_nano.a(lib_a-init.o)
                0x0000000008003fbc                __libc_init_array
 .text.memset   0x0000000008004004       0x10 d:/stm32_install/stm32cubeide_1.7.0/stm32cubeide/plugins/com.st.stm32cube.ide.mcu.externaltools.gnu-tools-for-stm32.9-2020-q2-update.win32_2.0.0.202105311346/tools/bin/../lib/gcc/arm-none-eabi/9.3.1/../../../../arm-none-eabi/lib/thumb/v7e-m+fp/hard\libc_nano.a(lib_a-memset.o)
                0x0000000008004004                memset
 *(.glue_7)
 .glue_7        0x0000000008004014        0x0 linker stubs
 *(.glue_7t)
 .glue_7t       0x0000000008004014        0x0 linker stubs
 *(.eh_frame)
 .eh_frame      0x0000000008004014        0x0 d:/stm32_install/stm32cubeide_1.7.0/stm32cubeide/plugins/com.st.stm32cube.ide.mcu.externaltools.gnu-tools-for-stm32.9-2020-q2-update.win32_2.0.0.202105311346/tools/bin/../lib/gcc/arm-none-eabi/9.3.1/thumb/v7e-m+fp/hard/crtbegin.o
 *(.init)
 .init          0x0000000008004014        0x4 d:/stm32_install/stm32cubeide_1.7.0/stm32cubeide/plugins/com.st.stm32cube.ide.mcu.externaltools.gnu-tools-for-stm32.9-2020-q2-update.win32_2.0.0.202105311346/tools/bin/../lib/gcc/arm-none-eabi/9.3.1/thumb/v7e-m+fp/hard/crti.o
                0x0000000008004014                _init
 .init          0x0000000008004018        0x8 d:/stm32_install/stm32cubeide_1.7.0/stm32cubeide/plugins/com.st.stm32cube.ide.mcu.externaltools.gnu-tools-for-stm32.9-2020-q2-update.win32_2.0.0.202105311346/tools/bin/../lib/gcc/arm-none-eabi/9.3.1/thumb/v7e-m+fp/hard/crtn.o
 *(.fini)
 .fini          0x0000000008004020        0x4 d:/stm32_install/stm32cubeide_1.7.0/stm32cubeide/plugins/com.st.stm32cube.ide.mcu.externaltools.gnu-tools-for-stm32.9-2020-q2-update.win32_2.0.0.202105311346/tools/bin/../lib/gcc/arm-none-eabi/9.3.1/thumb/v7e-m+fp/hard/crti.o
                0x0000000008004020                _fini
 .fini          0x0000000008004024        0x8 d:/stm32_install/stm32cubeide_1.7.0/stm32cubeide/plugins/com.st.stm32cube.ide.mcu.externaltools.gnu-tools-for-stm32.9-2020-q2-update.win32_2.0.0.202105311346/tools/bin/../lib/gcc/arm-none-eabi/9.3.1/thumb/v7e-m+fp/hard/crtn.o
                0x000000000800402c                . = ALIGN (0x4)
                0x000000000800402c                _etext = .

.vfp11_veneer   0x000000000800402c        0x0
 .vfp11_veneer  0x000000000800402c        0x0 linker stubs

.v4_bx          0x000000000800402c        0x0
 .v4_bx         0x000000000800402c        0x0 linker stubs

.iplt           0x000000000800402c        0x0
 .iplt          0x000000000800402c        0x0 d:/stm32_install/stm32cubeide_1.7.0/stm32cubeide/plugins/com.st.stm32cube.ide.mcu.externaltools.gnu-tools-for-stm32.9-2020-q2-update.win32_2.0.0.202105311346/tools/bin/../lib/gcc/arm-none-eabi/9.3.1/thumb/v7e-m+fp/hard/crtbegin.o

.rodata         0x000000000800402c     0x2fb8
                0x000000000800402c                . = ALIGN (0x4)
 *(.rodata)
 .rodata        0x000000000800402c       0x20 ./Core/Src/main.o
 *(.rodata*)
 .rodata.ascii_1608
                0x000000000800404c      0x5f0 ./Core/Src/lcd.o
                0x000000000800404c                ascii_1608
 .rodata.ascii_2412
                0x000000000800463c     0x11d0 ./Core/Src/lcd.o
                0x000000000800463c                ascii_2412
 .rodata.ascii_3216
                0x000000000800580c     0x17c0 ./Core/Src/lcd.o
                0x000000000800580c                ascii_3216
 .rodata.AHBPrescTable
                0x0000000008006fcc       0x10 ./Core/Src/system_stm32f4xx.o
                0x0000000008006fcc                AHBPrescTable
 .rodata.APBPrescTable
                0x0000000008006fdc        0x8 ./Core/Src/system_stm32f4xx.o
                0x0000000008006fdc                APBPrescTable
                0x0000000008006fe4                . = ALIGN (0x4)

.ARM.extab      0x0000000008006fe4        0x0
                0x0000000008006fe4                . = ALIGN (0x4)
 *(.ARM.extab* .gnu.linkonce.armextab.*)
                0x0000000008006fe4                . = ALIGN (0x4)

.ARM            0x0000000008006fe4        0x8
                0x0000000008006fe4                . = ALIGN (0x4)
                0x0000000008006fe4                __exidx_start = .
 *(.ARM.exidx*)
 .ARM.exidx     0x0000000008006fe4        0x8 d:/stm32_install/stm32cubeide_1.7.0/stm32cubeide/plugins/com.st.stm32cube.ide.mcu.externaltools.gnu-tools-for-stm32.9-2020-q2-update.win32_2.0.0.202105311346/tools/bin/../lib/gcc/arm-none-eabi/9.3.1/thumb/v7e-m+fp/hard\libgcc.a(_udivmoddi4.o)
                0x0000000008006fec                __exidx_end = .
                0x0000000008006fec                . = ALIGN (0x4)

.rel.dyn        0x0000000008006fec        0x0
 .rel.iplt      0x0000000008006fec        0x0 d:/stm32_install/stm32cubeide_1.7.0/stm32cubeide/plugins/com.st.stm32cube.ide.mcu.externaltools.gnu-tools-for-stm32.9-2020-q2-update.win32_2.0.0.202105311346/tools/bin/../lib/gcc/arm-none-eabi/9.3.1/thumb/v7e-m+fp/hard/crtbegin.o

.preinit_array  0x0000000008006fec        0x0
                0x0000000008006fec                . = ALIGN (0x4)
                0x0000000008006fec                PROVIDE (__preinit_array_start = .)
 *(.preinit_array*)
                0x0000000008006fec                PROVIDE (__preinit_array_end = .)
                0x0000000008006fec                . = ALIGN (0x4)

.init_array     0x0000000008006fec        0x4
                0x0000000008006fec                . = ALIGN (0x4)
                0x0000000008006fec                PROVIDE (__init_array_start = .)
 *(SORT_BY_NAME(.init_array.*))
 *(.init_array*)
 .init_array    0x0000000008006fec        0x4 d:/stm32_install/stm32cubeide_1.7.0/stm32cubeide/plugins/com.st.stm32cube.ide.mcu.externaltools.gnu-tools-for-stm32.9-2020-q2-update.win32_2.0.0.202105311346/tools/bin/../lib/gcc/arm-none-eabi/9.3.1/thumb/v7e-m+fp/hard/crtbegin.o
                0x0000000008006ff0                PROVIDE (__init_array_end = .)
                0x0000000008006ff0                . = ALIGN (0x4)

.fini_array     0x0000000008006ff0        0x4
                0x0000000008006ff0                . = ALIGN (0x4)
                [!provide]                        PROVIDE (__fini_array_start = .)
 *(SORT_BY_NAME(.fini_array.*))
 *(.fini_array*)
 .fini_array    0x0000000008006ff0        0x4 d:/stm32_install/stm32cubeide_1.7.0/stm32cubeide/plugins/com.st.stm32cube.ide.mcu.externaltools.gnu-tools-for-stm32.9-2020-q2-update.win32_2.0.0.202105311346/tools/bin/../lib/gcc/arm-none-eabi/9.3.1/thumb/v7e-m+fp/hard/crtbegin.o
                [!provide]                        PROVIDE (__fini_array_end = .)
                0x0000000008006ff4                . = ALIGN (0x4)
                0x0000000008006ff4                _sidata = LOADADDR (.data)

.data           0x0000000020000000        0xc load address 0x0000000008006ff4
                0x0000000020000000                . = ALIGN (0x4)
                0x0000000020000000                _sdata = .
 *(.data)
 *(.data*)
 .data.SystemCoreClock
                0x0000000020000000        0x4 ./Core/Src/system_stm32f4xx.o
                0x0000000020000000                SystemCoreClock
 .data.uwTickPrio
                0x0000000020000004        0x4 ./Drivers/STM32F4xx_HAL_Driver/Src/stm32f4xx_hal.o
                0x0000000020000004                uwTickPrio
 .data.uwTickFreq
                0x0000000020000008        0x1 ./Drivers/STM32F4xx_HAL_Driver/Src/stm32f4xx_hal.o
                0x0000000020000008                uwTickFreq
 *(.RamFunc)
 *(.RamFunc*)
                0x000000002000000c                . = ALIGN (0x4)
 *fill*         0x0000000020000009        0x3 
                0x000000002000000c                _edata = .
                0x0000000008007000                _siccmram = LOADADDR (.ccmram)

.igot.plt       0x000000002000000c        0x0 load address 0x0000000008007000
 .igot.plt      0x000000002000000c        0x0 d:/stm32_install/stm32cubeide_1.7.0/stm32cubeide/plugins/com.st.stm32cube.ide.mcu.externaltools.gnu-tools-for-stm32.9-2020-q2-update.win32_2.0.0.202105311346/tools/bin/../lib/gcc/arm-none-eabi/9.3.1/thumb/v7e-m+fp/hard/crtbegin.o

.ccmram         0x0000000010000000        0x0 load address 0x0000000008007000
                0x0000000010000000                . = ALIGN (0x4)
                0x0000000010000000                _sccmram = .
 *(.ccmram)
 *(.ccmram*)
                0x0000000010000000                . = ALIGN (0x4)
                0x0000000010000000                _eccmram = .
                0x0000000010000000                . = ALIGN (0x4)

.bss            0x000000002000000c      0x1d8
                0x000000002000000c                _sbss = .
                0x000000002000000c                __bss_start__ = _sbss
 *(.bss)
 .bss           0x000000002000000c       0x1c d:/stm32_install/stm32cubeide_1.7.0/stm32cubeide/plugins/com.st.stm32cube.ide.mcu.externaltools.gnu-tools-for-stm32.9-2020-q2-update.win32_2.0.0.202105311346/tools/bin/../lib/gcc/arm-none-eabi/9.3.1/thumb/v7e-m+fp/hard/crtbegin.o
 *(.bss*)
 .bss.FSMC_Initialized
                0x0000000020000028        0x4 ./Core/Src/fsmc.o
 *(COMMON)
 COMMON         0x000000002000002c       0x50 ./Core/Src/fsmc.o
                0x000000002000002c                hsram1
 COMMON         0x000000002000007c       0x3a ./Core/Src/lcd.o
                0x000000002000007c                lcddev
                0x0000000020000084                s
 *fill*         0x00000000200000b6        0x2 
 COMMON         0x00000000200000b8       0x58 ./Core/Src/spi.o
                0x00000000200000b8                hspi1
 COMMON         0x0000000020000110       0x48 ./Core/Src/tim.o
                0x0000000020000110                htim2
 COMMON         0x0000000020000158       0x88 ./Core/Src/usart.o
                0x0000000020000158                huart3
                0x000000002000019c                huart2
 COMMON         0x00000000200001e0        0x4 ./Drivers/STM32F4xx_HAL_Driver/Src/stm32f4xx_hal.o
                0x00000000200001e0                uwTick
                0x00000000200001e4                . = ALIGN (0x4)
                0x00000000200001e4                _ebss = .
                0x00000000200001e4                __bss_end__ = _ebss

._user_heap_stack
                0x00000000200001e4      0x604
                0x00000000200001e8                . = ALIGN (0x8)
 *fill*         0x00000000200001e4        0x4 
                [!provide]                        PROVIDE (end = .)
                0x00000000200001e8                PROVIDE (_end = .)
                0x00000000200003e8                . = (. + _Min_Heap_Size)
 *fill*         0x00000000200001e8      0x200 
                0x00000000200007e8                . = (. + _Min_Stack_Size)
 *fill*         0x00000000200003e8      0x400 
                0x00000000200007e8                . = ALIGN (0x8)

/DISCARD/
 libc.a(*)
 libm.a(*)
 libgcc.a(*)

.ARM.attributes
                0x0000000000000000       0x30
 *(.ARM.attributes)
 .ARM.attributes
                0x0000000000000000       0x1e d:/stm32_install/stm32cubeide_1.7.0/stm32cubeide/plugins/com.st.stm32cube.ide.mcu.externaltools.gnu-tools-for-stm32.9-2020-q2-update.win32_2.0.0.202105311346/tools/bin/../lib/gcc/arm-none-eabi/9.3.1/thumb/v7e-m+fp/hard/crti.o
 .ARM.attributes
                0x000000000000001e       0x34 d:/stm32_install/stm32cubeide_1.7.0/stm32cubeide/plugins/com.st.stm32cube.ide.mcu.externaltools.gnu-tools-for-stm32.9-2020-q2-update.win32_2.0.0.202105311346/tools/bin/../lib/gcc/arm-none-eabi/9.3.1/thumb/v7e-m+fp/hard/crtbegin.o
 .ARM.attributes
                0x0000000000000052       0x34 ./Core/Src/fsmc.o
 .ARM.attributes
                0x0000000000000086       0x34 ./Core/Src/gpio.o
 .ARM.attributes
                0x00000000000000ba       0x34 ./Core/Src/lcd.o
 .ARM.attributes
                0x00000000000000ee       0x34 ./Core/Src/main.o
 .ARM.attributes
                0x0000000000000122       0x34 ./Core/Src/spi.o
 .ARM.attributes
                0x0000000000000156       0x34 ./Core/Src/stm32f4xx_hal_msp.o
 .ARM.attributes
                0x000000000000018a       0x34 ./Core/Src/stm32f4xx_it.o
 .ARM.attributes
                0x00000000000001be       0x34 ./Core/Src/system_stm32f4xx.o
 .ARM.attributes
                0x00000000000001f2       0x34 ./Core/Src/tim.o
 .ARM.attributes
                0x0000000000000226       0x34 ./Core/Src/usart.o
 .ARM.attributes
                0x000000000000025a       0x21 ./Core/Startup/startup_stm32f407zetx.o
 .ARM.attributes
                0x000000000000027b       0x34 ./Drivers/STM32F4xx_HAL_Driver/Src/stm32f4xx_hal.o
 .ARM.attributes
                0x00000000000002af       0x34 ./Drivers/STM32F4xx_HAL_Driver/Src/stm32f4xx_hal_cortex.o
 .ARM.attributes
                0x00000000000002e3       0x34 ./Drivers/STM32F4xx_HAL_Driver/Src/stm32f4xx_hal_dma.o
 .ARM.attributes
                0x0000000000000317       0x34 ./Drivers/STM32F4xx_HAL_Driver/Src/stm32f4xx_hal_gpio.o
 .ARM.attributes
                0x000000000000034b       0x34 ./Drivers/STM32F4xx_HAL_Driver/Src/stm32f4xx_hal_rcc.o
 .ARM.attributes
                0x000000000000037f       0x34 ./Drivers/STM32F4xx_HAL_Driver/Src/stm32f4xx_hal_spi.o
 .ARM.attributes
                0x00000000000003b3       0x34 ./Drivers/STM32F4xx_HAL_Driver/Src/stm32f4xx_hal_sram.o
 .ARM.attributes
                0x00000000000003e7       0x34 ./Drivers/STM32F4xx_HAL_Driver/Src/stm32f4xx_hal_tim.o
 .ARM.attributes
                0x000000000000041b       0x34 ./Drivers/STM32F4xx_HAL_Driver/Src/stm32f4xx_hal_tim_ex.o
 .ARM.attributes
                0x000000000000044f       0x34 ./Drivers/STM32F4xx_HAL_Driver/Src/stm32f4xx_hal_uart.o
 .ARM.attributes
                0x0000000000000483       0x34 ./Drivers/STM32F4xx_HAL_Driver/Src/stm32f4xx_ll_fsmc.o
 .ARM.attributes
                0x00000000000004b7       0x34 d:/stm32_install/stm32cubeide_1.7.0/stm32cubeide/plugins/com.st.stm32cube.ide.mcu.externaltools.gnu-tools-for-stm32.9-2020-q2-update.win32_2.0.0.202105311346/tools/bin/../lib/gcc/arm-none-eabi/9.3.1/../../../../arm-none-eabi/lib/thumb/v7e-m+fp/hard\libc_nano.a(lib_a-init.o)
 .ARM.attributes
                0x00000000000004eb       0x34 d:/stm32_install/stm32cubeide_1.7.0/stm32cubeide/plugins/com.st.stm32cube.ide.mcu.externaltools.gnu-tools-for-stm32.9-2020-q2-update.win32_2.0.0.202105311346/tools/bin/../lib/gcc/arm-none-eabi/9.3.1/../../../../arm-none-eabi/lib/thumb/v7e-m+fp/hard\libc_nano.a(lib_a-memset.o)
 .ARM.attributes
                0x000000000000051f       0x1e d:/stm32_install/stm32cubeide_1.7.0/stm32cubeide/plugins/com.st.stm32cube.ide.mcu.externaltools.gnu-tools-for-stm32.9-2020-q2-update.win32_2.0.0.202105311346/tools/bin/../lib/gcc/arm-none-eabi/9.3.1/thumb/v7e-m+fp/hard\libgcc.a(_aeabi_uldivmod.o)
 .ARM.attributes
                0x000000000000053d       0x34 d:/stm32_install/stm32cubeide_1.7.0/stm32cubeide/plugins/com.st.stm32cube.ide.mcu.externaltools.gnu-tools-for-stm32.9-2020-q2-update.win32_2.0.0.202105311346/tools/bin/../lib/gcc/arm-none-eabi/9.3.1/thumb/v7e-m+fp/hard\libgcc.a(_udivmoddi4.o)
 .ARM.attributes
                0x0000000000000571       0x1e d:/stm32_install/stm32cubeide_1.7.0/stm32cubeide/plugins/com.st.stm32cube.ide.mcu.externaltools.gnu-tools-for-stm32.9-2020-q2-update.win32_2.0.0.202105311346/tools/bin/../lib/gcc/arm-none-eabi/9.3.1/thumb/v7e-m+fp/hard\libgcc.a(_dvmd_tls.o)
 .ARM.attributes
                0x000000000000058f       0x1e d:/stm32_install/stm32cubeide_1.7.0/stm32cubeide/plugins/com.st.stm32cube.ide.mcu.externaltools.gnu-tools-for-stm32.9-2020-q2-update.win32_2.0.0.202105311346/tools/bin/../lib/gcc/arm-none-eabi/9.3.1/thumb/v7e-m+fp/hard/crtn.o
OUTPUT(Test_UART.elf elf32-littlearm)
LOAD linker stubs
LOAD d:/stm32_install/stm32cubeide_1.7.0/stm32cubeide/plugins/com.st.stm32cube.ide.mcu.externaltools.gnu-tools-for-stm32.9-2020-q2-update.win32_2.0.0.202105311346/tools/bin/../lib/gcc/arm-none-eabi/9.3.1/../../../../arm-none-eabi/lib/thumb/v7e-m+fp/hard\libc.a
LOAD d:/stm32_install/stm32cubeide_1.7.0/stm32cubeide/plugins/com.st.stm32cube.ide.mcu.externaltools.gnu-tools-for-stm32.9-2020-q2-update.win32_2.0.0.202105311346/tools/bin/../lib/gcc/arm-none-eabi/9.3.1/../../../../arm-none-eabi/lib/thumb/v7e-m+fp/hard\libm.a
LOAD d:/stm32_install/stm32cubeide_1.7.0/stm32cubeide/plugins/com.st.stm32cube.ide.mcu.externaltools.gnu-tools-for-stm32.9-2020-q2-update.win32_2.0.0.202105311346/tools/bin/../lib/gcc/arm-none-eabi/9.3.1/thumb/v7e-m+fp/hard\libgcc.a

.debug_info     0x0000000000000000    0x151de
 .debug_info    0x0000000000000000      0xa96 ./Core/Src/fsmc.o
 .debug_info    0x0000000000000a96      0x586 ./Core/Src/gpio.o
 .debug_info    0x000000000000101c     0x1759 ./Core/Src/lcd.o
 .debug_info    0x0000000000002775     0x1c5d ./Core/Src/main.o
 .debug_info    0x00000000000043d2      0xa5a ./Core/Src/spi.o
 .debug_info    0x0000000000004e2c      0x394 ./Core/Src/stm32f4xx_hal_msp.o
 .debug_info    0x00000000000051c0      0xa8d ./Core/Src/stm32f4xx_it.o
 .debug_info    0x0000000000005c4d      0x5a4 ./Core/Src/system_stm32f4xx.o
 .debug_info    0x00000000000061f1      0xc88 ./Core/Src/tim.o
 .debug_info    0x0000000000006e79      0xc8f ./Core/Src/usart.o
 .debug_info    0x0000000000007b08       0x22 ./Core/Startup/startup_stm32f407zetx.o
 .debug_info    0x0000000000007b2a      0x9b2 ./Drivers/STM32F4xx_HAL_Driver/Src/stm32f4xx_hal.o
 .debug_info    0x00000000000084dc      0xed7 ./Drivers/STM32F4xx_HAL_Driver/Src/stm32f4xx_hal_cortex.o
 .debug_info    0x00000000000093b3      0x9f1 ./Drivers/STM32F4xx_HAL_Driver/Src/stm32f4xx_hal_dma.o
 .debug_info    0x0000000000009da4      0x83e ./Drivers/STM32F4xx_HAL_Driver/Src/stm32f4xx_hal_gpio.o
 .debug_info    0x000000000000a5e2      0x996 ./Drivers/STM32F4xx_HAL_Driver/Src/stm32f4xx_hal_rcc.o
 .debug_info    0x000000000000af78     0x17c0 ./Drivers/STM32F4xx_HAL_Driver/Src/stm32f4xx_hal_spi.o
 .debug_info    0x000000000000c738      0xbab ./Drivers/STM32F4xx_HAL_Driver/Src/stm32f4xx_hal_sram.o
 .debug_info    0x000000000000d2e3     0x2c22 ./Drivers/STM32F4xx_HAL_Driver/Src/stm32f4xx_hal_tim.o
 .debug_info    0x000000000000ff05     0x15a2 ./Drivers/STM32F4xx_HAL_Driver/Src/stm32f4xx_hal_tim_ex.o
 .debug_info    0x00000000000114a7     0x31de ./Drivers/STM32F4xx_HAL_Driver/Src/stm32f4xx_hal_uart.o
 .debug_info    0x0000000000014685      0xb59 ./Drivers/STM32F4xx_HAL_Driver/Src/stm32f4xx_ll_fsmc.o

.debug_abbrev   0x0000000000000000     0x2bf8
 .debug_abbrev  0x0000000000000000      0x1e2 ./Core/Src/fsmc.o
 .debug_abbrev  0x00000000000001e2      0x14e ./Core/Src/gpio.o
 .debug_abbrev  0x0000000000000330      0x390 ./Core/Src/lcd.o
 .debug_abbrev  0x00000000000006c0      0x26d ./Core/Src/main.o
 .debug_abbrev  0x000000000000092d      0x1bb ./Core/Src/spi.o
 .debug_abbrev  0x0000000000000ae8      0x11d ./Core/Src/stm32f4xx_hal_msp.o
 .debug_abbrev  0x0000000000000c05      0x176 ./Core/Src/stm32f4xx_it.o
 .debug_abbrev  0x0000000000000d7b      0x145 ./Core/Src/system_stm32f4xx.o
 .debug_abbrev  0x0000000000000ec0      0x1bb ./Core/Src/tim.o
 .debug_abbrev  0x000000000000107b      0x1c4 ./Core/Src/usart.o
 .debug_abbrev  0x000000000000123f       0x12 ./Core/Startup/startup_stm32f407zetx.o
 .debug_abbrev  0x0000000000001251      0x1ed ./Drivers/STM32F4xx_HAL_Driver/Src/stm32f4xx_hal.o
 .debug_abbrev  0x000000000000143e      0x33c ./Drivers/STM32F4xx_HAL_Driver/Src/stm32f4xx_hal_cortex.o
 .debug_abbrev  0x000000000000177a      0x259 ./Drivers/STM32F4xx_HAL_Driver/Src/stm32f4xx_hal_dma.o
 .debug_abbrev  0x00000000000019d3      0x1f1 ./Drivers/STM32F4xx_HAL_Driver/Src/stm32f4xx_hal_gpio.o
 .debug_abbrev  0x0000000000001bc4      0x275 ./Drivers/STM32F4xx_HAL_Driver/Src/stm32f4xx_hal_rcc.o
 .debug_abbrev  0x0000000000001e39      0x26e ./Drivers/STM32F4xx_HAL_Driver/Src/stm32f4xx_hal_spi.o
 .debug_abbrev  0x00000000000020a7      0x1f4 ./Drivers/STM32F4xx_HAL_Driver/Src/stm32f4xx_hal_sram.o
 .debug_abbrev  0x000000000000229b      0x25e ./Drivers/STM32F4xx_HAL_Driver/Src/stm32f4xx_hal_tim.o
 .debug_abbrev  0x00000000000024f9      0x266 ./Drivers/STM32F4xx_HAL_Driver/Src/stm32f4xx_hal_tim_ex.o
 .debug_abbrev  0x000000000000275f      0x2eb ./Drivers/STM32F4xx_HAL_Driver/Src/stm32f4xx_hal_uart.o
 .debug_abbrev  0x0000000000002a4a      0x1ae ./Drivers/STM32F4xx_HAL_Driver/Src/stm32f4xx_ll_fsmc.o

.debug_aranges  0x0000000000000000     0x10b0
 .debug_aranges
                0x0000000000000000       0x40 ./Core/Src/fsmc.o
 .debug_aranges
                0x0000000000000040       0x20 ./Core/Src/gpio.o
 .debug_aranges
                0x0000000000000060       0xd8 ./Core/Src/lcd.o
 .debug_aranges
                0x0000000000000138       0x30 ./Core/Src/main.o
 .debug_aranges
                0x0000000000000168       0x30 ./Core/Src/spi.o
 .debug_aranges
                0x0000000000000198       0x20 ./Core/Src/stm32f4xx_hal_msp.o
 .debug_aranges
                0x00000000000001b8       0x78 ./Core/Src/stm32f4xx_it.o
 .debug_aranges
                0x0000000000000230       0x28 ./Core/Src/system_stm32f4xx.o
 .debug_aranges
                0x0000000000000258       0x30 ./Core/Src/tim.o
 .debug_aranges
                0x0000000000000288       0x38 ./Core/Src/usart.o
 .debug_aranges
                0x00000000000002c0       0x28 ./Core/Startup/startup_stm32f407zetx.o
 .debug_aranges
                0x00000000000002e8       0xf0 ./Drivers/STM32F4xx_HAL_Driver/Src/stm32f4xx_hal.o
 .debug_aranges
                0x00000000000003d8      0x118 ./Drivers/STM32F4xx_HAL_Driver/Src/stm32f4xx_hal_cortex.o
 .debug_aranges
                0x00000000000004f0       0x90 ./Drivers/STM32F4xx_HAL_Driver/Src/stm32f4xx_hal_dma.o
 .debug_aranges
                0x0000000000000580       0x58 ./Drivers/STM32F4xx_HAL_Driver/Src/stm32f4xx_hal_gpio.o
 .debug_aranges
                0x00000000000005d8       0x88 ./Drivers/STM32F4xx_HAL_Driver/Src/stm32f4xx_hal_rcc.o
 .debug_aranges
                0x0000000000000660      0x1d0 ./Drivers/STM32F4xx_HAL_Driver/Src/stm32f4xx_hal_spi.o
 .debug_aranges
                0x0000000000000830       0xa0 ./Drivers/STM32F4xx_HAL_Driver/Src/stm32f4xx_hal_sram.o
 .debug_aranges
                0x00000000000008d0      0x3d0 ./Drivers/STM32F4xx_HAL_Driver/Src/stm32f4xx_hal_tim.o
 .debug_aranges
                0x0000000000000ca0      0x168 ./Drivers/STM32F4xx_HAL_Driver/Src/stm32f4xx_hal_tim_ex.o
 .debug_aranges
                0x0000000000000e08      0x200 ./Drivers/STM32F4xx_HAL_Driver/Src/stm32f4xx_hal_uart.o
 .debug_aranges
                0x0000000000001008       0xa8 ./Drivers/STM32F4xx_HAL_Driver/Src/stm32f4xx_ll_fsmc.o

.debug_ranges   0x0000000000000000      0xf88
 .debug_ranges  0x0000000000000000       0x30 ./Core/Src/fsmc.o
 .debug_ranges  0x0000000000000030       0x10 ./Core/Src/gpio.o
 .debug_ranges  0x0000000000000040       0xc8 ./Core/Src/lcd.o
 .debug_ranges  0x0000000000000108       0x20 ./Core/Src/main.o
 .debug_ranges  0x0000000000000128       0x20 ./Core/Src/spi.o
 .debug_ranges  0x0000000000000148       0x10 ./Core/Src/stm32f4xx_hal_msp.o
 .debug_ranges  0x0000000000000158       0x68 ./Core/Src/stm32f4xx_it.o
 .debug_ranges  0x00000000000001c0       0x18 ./Core/Src/system_stm32f4xx.o
 .debug_ranges  0x00000000000001d8       0x20 ./Core/Src/tim.o
 .debug_ranges  0x00000000000001f8       0x28 ./Core/Src/usart.o
 .debug_ranges  0x0000000000000220       0x20 ./Core/Startup/startup_stm32f407zetx.o
 .debug_ranges  0x0000000000000240       0xe0 ./Drivers/STM32F4xx_HAL_Driver/Src/stm32f4xx_hal.o
 .debug_ranges  0x0000000000000320      0x108 ./Drivers/STM32F4xx_HAL_Driver/Src/stm32f4xx_hal_cortex.o
 .debug_ranges  0x0000000000000428       0x80 ./Drivers/STM32F4xx_HAL_Driver/Src/stm32f4xx_hal_dma.o
 .debug_ranges  0x00000000000004a8       0x48 ./Drivers/STM32F4xx_HAL_Driver/Src/stm32f4xx_hal_gpio.o
 .debug_ranges  0x00000000000004f0       0x78 ./Drivers/STM32F4xx_HAL_Driver/Src/stm32f4xx_hal_rcc.o
 .debug_ranges  0x0000000000000568      0x1c0 ./Drivers/STM32F4xx_HAL_Driver/Src/stm32f4xx_hal_spi.o
 .debug_ranges  0x0000000000000728       0x90 ./Drivers/STM32F4xx_HAL_Driver/Src/stm32f4xx_hal_sram.o
 .debug_ranges  0x00000000000007b8      0x3c0 ./Drivers/STM32F4xx_HAL_Driver/Src/stm32f4xx_hal_tim.o
 .debug_ranges  0x0000000000000b78      0x158 ./Drivers/STM32F4xx_HAL_Driver/Src/stm32f4xx_hal_tim_ex.o
 .debug_ranges  0x0000000000000cd0      0x220 ./Drivers/STM32F4xx_HAL_Driver/Src/stm32f4xx_hal_uart.o
 .debug_ranges  0x0000000000000ef0       0x98 ./Drivers/STM32F4xx_HAL_Driver/Src/stm32f4xx_ll_fsmc.o

.debug_macro    0x0000000000000000    0x227d0
 .debug_macro   0x0000000000000000      0x20c ./Core/Src/fsmc.o
 .debug_macro   0x000000000000020c      0xaa8 ./Core/Src/fsmc.o
 .debug_macro   0x0000000000000cb4      0x2a7 ./Core/Src/fsmc.o
 .debug_macro   0x0000000000000f5b       0x2e ./Core/Src/fsmc.o
 .debug_macro   0x0000000000000f89       0x2f ./Core/Src/fsmc.o
 .debug_macro   0x0000000000000fb8       0x22 ./Core/Src/fsmc.o
 .debug_macro   0x0000000000000fda       0x8e ./Core/Src/fsmc.o
 .debug_macro   0x0000000000001068       0x51 ./Core/Src/fsmc.o
 .debug_macro   0x00000000000010b9      0x103 ./Core/Src/fsmc.o
 .debug_macro   0x00000000000011bc       0x6a ./Core/Src/fsmc.o
 .debug_macro   0x0000000000001226      0x1df ./Core/Src/fsmc.o
 .debug_macro   0x0000000000001405       0x1c ./Core/Src/fsmc.o
 .debug_macro   0x0000000000001421       0x22 ./Core/Src/fsmc.o
 .debug_macro   0x0000000000001443       0xdf ./Core/Src/fsmc.o
 .debug_macro   0x0000000000001522     0x102d ./Core/Src/fsmc.o
 .debug_macro   0x000000000000254f      0x11f ./Core/Src/fsmc.o
 .debug_macro   0x000000000000266e    0x15e58 ./Core/Src/fsmc.o
 .debug_macro   0x00000000000184c6       0x6d ./Core/Src/fsmc.o
 .debug_macro   0x0000000000018533     0x3666 ./Core/Src/fsmc.o
 .debug_macro   0x000000000001bb99      0x174 ./Core/Src/fsmc.o
 .debug_macro   0x000000000001bd0d       0x5c ./Core/Src/fsmc.o
 .debug_macro   0x000000000001bd69      0x96b ./Core/Src/fsmc.o
 .debug_macro   0x000000000001c6d4      0x9fe ./Core/Src/fsmc.o
 .debug_macro   0x000000000001d0d2      0x116 ./Core/Src/fsmc.o
 .debug_macro   0x000000000001d1e8      0x13e ./Core/Src/fsmc.o
 .debug_macro   0x000000000001d326       0xa5 ./Core/Src/fsmc.o
 .debug_macro   0x000000000001d3cb      0x174 ./Core/Src/fsmc.o
 .debug_macro   0x000000000001d53f      0x287 ./Core/Src/fsmc.o
 .debug_macro   0x000000000001d7c6       0x5f ./Core/Src/fsmc.o
 .debug_macro   0x000000000001d825      0x236 ./Core/Src/fsmc.o
 .debug_macro   0x000000000001da5b      0x12c ./Core/Src/fsmc.o
 .debug_macro   0x000000000001db87      0x21e ./Core/Src/fsmc.o
 .debug_macro   0x000000000001dda5       0x2e ./Core/Src/fsmc.o
 .debug_macro   0x000000000001ddd3      0x543 ./Core/Src/fsmc.o
 .debug_macro   0x000000000001e316      0x11a ./Core/Src/fsmc.o
 .debug_macro   0x000000000001e430       0x7e ./Core/Src/fsmc.o
 .debug_macro   0x000000000001e4ae       0x89 ./Core/Src/fsmc.o
 .debug_macro   0x000000000001e537      0x225 ./Core/Src/fsmc.o
 .debug_macro   0x000000000001e75c      0x8d1 ./Core/Src/fsmc.o
 .debug_macro   0x000000000001f02d       0x47 ./Core/Src/fsmc.o
 .debug_macro   0x000000000001f074      0x295 ./Core/Src/fsmc.o
 .debug_macro   0x000000000001f309      0x12d ./Core/Src/fsmc.o
 .debug_macro   0x000000000001f436       0xac ./Core/Src/fsmc.o
 .debug_macro   0x000000000001f4e2      0x20c ./Core/Src/gpio.o
 .debug_macro   0x000000000001f6ee      0x321 ./Core/Src/lcd.o
 .debug_macro   0x000000000001fa0f       0x18 ./Core/Src/lcd.o
 .debug_macro   0x000000000001fa27       0x52 ./Core/Src/lcd.o
 .debug_macro   0x000000000001fa79       0x3c ./Core/Src/lcd.o
 .debug_macro   0x000000000001fab5       0x34 ./Core/Src/lcd.o
 .debug_macro   0x000000000001fae9       0x16 ./Core/Src/lcd.o
 .debug_macro   0x000000000001faff       0x35 ./Core/Src/lcd.o
 .debug_macro   0x000000000001fb34       0x16 ./Core/Src/lcd.o
 .debug_macro   0x000000000001fb4a       0x43 ./Core/Src/lcd.o
 .debug_macro   0x000000000001fb8d       0x34 ./Core/Src/lcd.o
 .debug_macro   0x000000000001fbc1       0x10 ./Core/Src/lcd.o
 .debug_macro   0x000000000001fbd1       0x58 ./Core/Src/lcd.o
 .debug_macro   0x000000000001fc29       0x71 ./Core/Src/lcd.o
 .debug_macro   0x000000000001fc9a       0x1c ./Core/Src/lcd.o
 .debug_macro   0x000000000001fcb6      0x12a ./Core/Src/lcd.o
 .debug_macro   0x000000000001fde0      0x333 ./Core/Src/lcd.o
 .debug_macro   0x0000000000020113       0x16 ./Core/Src/lcd.o
 .debug_macro   0x0000000000020129       0x29 ./Core/Src/lcd.o
 .debug_macro   0x0000000000020152       0x16 ./Core/Src/lcd.o
 .debug_macro   0x0000000000020168       0x20 ./Core/Src/lcd.o
 .debug_macro   0x0000000000020188       0xca ./Core/Src/lcd.o
 .debug_macro   0x0000000000020252      0x347 ./Core/Src/main.o
 .debug_macro   0x0000000000020599      0x20c ./Core/Src/spi.o
 .debug_macro   0x00000000000207a5      0x202 ./Core/Src/stm32f4xx_hal_msp.o
 .debug_macro   0x00000000000209a7      0x20c ./Core/Src/stm32f4xx_it.o
 .debug_macro   0x0000000000020bb3      0x1f3 ./Core/Src/system_stm32f4xx.o
 .debug_macro   0x0000000000020da6      0x20c ./Core/Src/tim.o
 .debug_macro   0x0000000000020fb2      0x20c ./Core/Src/usart.o
 .debug_macro   0x00000000000211be      0x253 ./Drivers/STM32F4xx_HAL_Driver/Src/stm32f4xx_hal.o
 .debug_macro   0x0000000000021411      0x1f3 ./Drivers/STM32F4xx_HAL_Driver/Src/stm32f4xx_hal_cortex.o
 .debug_macro   0x0000000000021604      0x1f9 ./Drivers/STM32F4xx_HAL_Driver/Src/stm32f4xx_hal_dma.o
 .debug_macro   0x00000000000217fd      0x1f9 ./Drivers/STM32F4xx_HAL_Driver/Src/stm32f4xx_hal_gpio.o
 .debug_macro   0x00000000000219f6      0x217 ./Drivers/STM32F4xx_HAL_Driver/Src/stm32f4xx_hal_rcc.o
 .debug_macro   0x0000000000021c0d      0x202 ./Drivers/STM32F4xx_HAL_Driver/Src/stm32f4xx_hal_spi.o
 .debug_macro   0x0000000000021e0f      0x1f3 ./Drivers/STM32F4xx_HAL_Driver/Src/stm32f4xx_hal_sram.o
 .debug_macro   0x0000000000022002      0x1f4 ./Drivers/STM32F4xx_HAL_Driver/Src/stm32f4xx_hal_tim.o
 .debug_macro   0x00000000000221f6      0x1f3 ./Drivers/STM32F4xx_HAL_Driver/Src/stm32f4xx_hal_tim_ex.o
 .debug_macro   0x00000000000223e9      0x1f4 ./Drivers/STM32F4xx_HAL_Driver/Src/stm32f4xx_hal_uart.o
 .debug_macro   0x00000000000225dd      0x1f3 ./Drivers/STM32F4xx_HAL_Driver/Src/stm32f4xx_ll_fsmc.o

.debug_line     0x0000000000000000    0x14871
 .debug_line    0x0000000000000000      0x839 ./Core/Src/fsmc.o
 .debug_line    0x0000000000000839      0x7ba ./Core/Src/gpio.o
 .debug_line    0x0000000000000ff3      0xfcf ./Core/Src/lcd.o
 .debug_line    0x0000000000001fc2      0x9d2 ./Core/Src/main.o
 .debug_line    0x0000000000002994      0x7aa ./Core/Src/spi.o
 .debug_line    0x000000000000313e      0x739 ./Core/Src/stm32f4xx_hal_msp.o
 .debug_line    0x0000000000003877      0x843 ./Core/Src/stm32f4xx_it.o
 .debug_line    0x00000000000040ba      0x7ba ./Core/Src/system_stm32f4xx.o
 .debug_line    0x0000000000004874      0x7a6 ./Core/Src/tim.o
 .debug_line    0x000000000000501a      0x812 ./Core/Src/usart.o
 .debug_line    0x000000000000582c       0x88 ./Core/Startup/startup_stm32f407zetx.o
 .debug_line    0x00000000000058b4      0xa20 ./Drivers/STM32F4xx_HAL_Driver/Src/stm32f4xx_hal.o
 .debug_line    0x00000000000062d4      0xccf ./Drivers/STM32F4xx_HAL_Driver/Src/stm32f4xx_hal_cortex.o
 .debug_line    0x0000000000006fa3      0xf85 ./Drivers/STM32F4xx_HAL_Driver/Src/stm32f4xx_hal_dma.o
 .debug_line    0x0000000000007f28      0xb96 ./Drivers/STM32F4xx_HAL_Driver/Src/stm32f4xx_hal_gpio.o
 .debug_line    0x0000000000008abe      0xd9c ./Drivers/STM32F4xx_HAL_Driver/Src/stm32f4xx_hal_rcc.o
 .debug_line    0x000000000000985a     0x1ca8 ./Drivers/STM32F4xx_HAL_Driver/Src/stm32f4xx_hal_spi.o
 .debug_line    0x000000000000b502      0xbc2 ./Drivers/STM32F4xx_HAL_Driver/Src/stm32f4xx_hal_sram.o
 .debug_line    0x000000000000c0c4     0x3714 ./Drivers/STM32F4xx_HAL_Driver/Src/stm32f4xx_hal_tim.o
 .debug_line    0x000000000000f7d8     0x1a1d ./Drivers/STM32F4xx_HAL_Driver/Src/stm32f4xx_hal_tim_ex.o
 .debug_line    0x00000000000111f5     0x2aa7 ./Drivers/STM32F4xx_HAL_Driver/Src/stm32f4xx_hal_uart.o
 .debug_line    0x0000000000013c9c      0xbd5 ./Drivers/STM32F4xx_HAL_Driver/Src/stm32f4xx_ll_fsmc.o

.debug_str      0x0000000000000000    0xcf6f4
 .debug_str     0x0000000000000000    0xc7f10 ./Core/Src/fsmc.o
                                      0xc8270 (size before relaxing)
 .debug_str     0x00000000000c7f10       0x48 ./Core/Src/gpio.o
                                      0xc7d4e (size before relaxing)
 .debug_str     0x00000000000c7f58     0x3714 ./Core/Src/lcd.o
                                      0xcb3a2 (size before relaxing)
 .debug_str     0x00000000000cb66c      0x723 ./Core/Src/main.o
                                      0xcbe03 (size before relaxing)
 .debug_str     0x00000000000cbd8f       0x4b ./Core/Src/spi.o
                                      0xc81ab (size before relaxing)
 .debug_str     0x00000000000cbdda       0x2c ./Core/Src/stm32f4xx_hal_msp.o
                                      0xc7cb1 (size before relaxing)
 .debug_str     0x00000000000cbe06       0xf1 ./Core/Src/stm32f4xx_it.o
                                      0xc8391 (size before relaxing)
 .debug_str     0x00000000000cbef7       0xaf ./Core/Src/system_stm32f4xx.o
                                      0xc7a6d (size before relaxing)
 .debug_str     0x00000000000cbfa6      0x5c8 ./Core/Src/tim.o
                                      0xc87ce (size before relaxing)
 .debug_str     0x00000000000cc56e       0x6b ./Core/Src/usart.o
                                      0xc86bc (size before relaxing)
 .debug_str     0x00000000000cc5d9       0x36 ./Core/Startup/startup_stm32f407zetx.o
                                         0x57 (size before relaxing)
 .debug_str     0x00000000000cc60f      0x583 ./Drivers/STM32F4xx_HAL_Driver/Src/stm32f4xx_hal.o
                                      0xc854f (size before relaxing)
 .debug_str     0x00000000000ccb92      0x399 ./Drivers/STM32F4xx_HAL_Driver/Src/stm32f4xx_hal_cortex.o
                                      0xc833e (size before relaxing)
 .debug_str     0x00000000000ccf2b      0x315 ./Drivers/STM32F4xx_HAL_Driver/Src/stm32f4xx_hal_dma.o
                                      0xc7e97 (size before relaxing)
 .debug_str     0x00000000000cd240      0x15a ./Drivers/STM32F4xx_HAL_Driver/Src/stm32f4xx_hal_gpio.o
                                      0xc7c14 (size before relaxing)
 .debug_str     0x00000000000cd39a      0x259 ./Drivers/STM32F4xx_HAL_Driver/Src/stm32f4xx_hal_rcc.o
                                      0xc7e6f (size before relaxing)
 .debug_str     0x00000000000cd5f3      0x57f ./Drivers/STM32F4xx_HAL_Driver/Src/stm32f4xx_hal_spi.o
                                      0xc8311 (size before relaxing)
 .debug_str     0x00000000000cdb72      0x1b4 ./Drivers/STM32F4xx_HAL_Driver/Src/stm32f4xx_hal_sram.o
                                      0xc7f87 (size before relaxing)
 .debug_str     0x00000000000cdd26      0xde0 ./Drivers/STM32F4xx_HAL_Driver/Src/stm32f4xx_hal_tim.o
                                      0xc8d9c (size before relaxing)
 .debug_str     0x00000000000ceb06      0x4ee ./Drivers/STM32F4xx_HAL_Driver/Src/stm32f4xx_hal_tim_ex.o
                                      0xc854d (size before relaxing)
 .debug_str     0x00000000000ceff4      0x5fb ./Drivers/STM32F4xx_HAL_Driver/Src/stm32f4xx_hal_uart.o
                                      0xc83f5 (size before relaxing)
 .debug_str     0x00000000000cf5ef      0x105 ./Drivers/STM32F4xx_HAL_Driver/Src/stm32f4xx_ll_fsmc.o
                                      0xc7e4e (size before relaxing)

.comment        0x0000000000000000       0x53
 .comment       0x0000000000000000       0x53 ./Core/Src/fsmc.o
                                         0x54 (size before relaxing)
 .comment       0x0000000000000053       0x54 ./Core/Src/gpio.o
 .comment       0x0000000000000053       0x54 ./Core/Src/lcd.o
 .comment       0x0000000000000053       0x54 ./Core/Src/main.o
 .comment       0x0000000000000053       0x54 ./Core/Src/spi.o
 .comment       0x0000000000000053       0x54 ./Core/Src/stm32f4xx_hal_msp.o
 .comment       0x0000000000000053       0x54 ./Core/Src/stm32f4xx_it.o
 .comment       0x0000000000000053       0x54 ./Core/Src/system_stm32f4xx.o
 .comment       0x0000000000000053       0x54 ./Core/Src/tim.o
 .comment       0x0000000000000053       0x54 ./Core/Src/usart.o
 .comment       0x0000000000000053       0x54 ./Drivers/STM32F4xx_HAL_Driver/Src/stm32f4xx_hal.o
 .comment       0x0000000000000053       0x54 ./Drivers/STM32F4xx_HAL_Driver/Src/stm32f4xx_hal_cortex.o
 .comment       0x0000000000000053       0x54 ./Drivers/STM32F4xx_HAL_Driver/Src/stm32f4xx_hal_dma.o
 .comment       0x0000000000000053       0x54 ./Drivers/STM32F4xx_HAL_Driver/Src/stm32f4xx_hal_gpio.o
 .comment       0x0000000000000053       0x54 ./Drivers/STM32F4xx_HAL_Driver/Src/stm32f4xx_hal_rcc.o
 .comment       0x0000000000000053       0x54 ./Drivers/STM32F4xx_HAL_Driver/Src/stm32f4xx_hal_spi.o
 .comment       0x0000000000000053       0x54 ./Drivers/STM32F4xx_HAL_Driver/Src/stm32f4xx_hal_sram.o
 .comment       0x0000000000000053       0x54 ./Drivers/STM32F4xx_HAL_Driver/Src/stm32f4xx_hal_tim.o
 .comment       0x0000000000000053       0x54 ./Drivers/STM32F4xx_HAL_Driver/Src/stm32f4xx_hal_tim_ex.o
 .comment       0x0000000000000053       0x54 ./Drivers/STM32F4xx_HAL_Driver/Src/stm32f4xx_hal_uart.o
 .comment       0x0000000000000053       0x54 ./Drivers/STM32F4xx_HAL_Driver/Src/stm32f4xx_ll_fsmc.o

.debug_frame    0x0000000000000000     0x456c
 .debug_frame   0x0000000000000000       0xbc ./Core/Src/fsmc.o
 .debug_frame   0x00000000000000bc       0x38 ./Core/Src/gpio.o
 .debug_frame   0x00000000000000f4      0x394 ./Core/Src/lcd.o
 .debug_frame   0x0000000000000488       0x70 ./Core/Src/main.o
 .debug_frame   0x00000000000004f8       0x74 ./Core/Src/spi.o
 .debug_frame   0x000000000000056c       0x38 ./Core/Src/stm32f4xx_hal_msp.o
 .debug_frame   0x00000000000005a4      0x158 ./Core/Src/stm32f4xx_it.o
 .debug_frame   0x00000000000006fc       0x58 ./Core/Src/system_stm32f4xx.o
 .debug_frame   0x0000000000000754       0x7c ./Core/Src/tim.o
 .debug_frame   0x00000000000007d0       0x90 ./Core/Src/usart.o
 .debug_frame   0x0000000000000860      0x374 ./Drivers/STM32F4xx_HAL_Driver/Src/stm32f4xx_hal.o
 .debug_frame   0x0000000000000bd4      0x498 ./Drivers/STM32F4xx_HAL_Driver/Src/stm32f4xx_hal_cortex.o
 .debug_frame   0x000000000000106c      0x250 ./Drivers/STM32F4xx_HAL_Driver/Src/stm32f4xx_hal_dma.o
 .debug_frame   0x00000000000012bc      0x14c ./Drivers/STM32F4xx_HAL_Driver/Src/stm32f4xx_hal_gpio.o
 .debug_frame   0x0000000000001408      0x1f0 ./Drivers/STM32F4xx_HAL_Driver/Src/stm32f4xx_hal_rcc.o
 .debug_frame   0x00000000000015f8      0x824 ./Drivers/STM32F4xx_HAL_Driver/Src/stm32f4xx_hal_spi.o
 .debug_frame   0x0000000000001e1c      0x2a0 ./Drivers/STM32F4xx_HAL_Driver/Src/stm32f4xx_hal_sram.o
 .debug_frame   0x00000000000020bc     0x11c4 ./Drivers/STM32F4xx_HAL_Driver/Src/stm32f4xx_hal_tim.o
 .debug_frame   0x0000000000003280      0x638 ./Drivers/STM32F4xx_HAL_Driver/Src/stm32f4xx_hal_tim_ex.o
 .debug_frame   0x00000000000038b8      0x92c ./Drivers/STM32F4xx_HAL_Driver/Src/stm32f4xx_hal_uart.o
 .debug_frame   0x00000000000041e4      0x2dc ./Drivers/STM32F4xx_HAL_Driver/Src/stm32f4xx_ll_fsmc.o
 .debug_frame   0x00000000000044c0       0x2c d:/stm32_install/stm32cubeide_1.7.0/stm32cubeide/plugins/com.st.stm32cube.ide.mcu.externaltools.gnu-tools-for-stm32.9-2020-q2-update.win32_2.0.0.202105311346/tools/bin/../lib/gcc/arm-none-eabi/9.3.1/../../../../arm-none-eabi/lib/thumb/v7e-m+fp/hard\libc_nano.a(lib_a-init.o)
 .debug_frame   0x00000000000044ec       0x20 d:/stm32_install/stm32cubeide_1.7.0/stm32cubeide/plugins/com.st.stm32cube.ide.mcu.externaltools.gnu-tools-for-stm32.9-2020-q2-update.win32_2.0.0.202105311346/tools/bin/../lib/gcc/arm-none-eabi/9.3.1/../../../../arm-none-eabi/lib/thumb/v7e-m+fp/hard\libc_nano.a(lib_a-memset.o)
 .debug_frame   0x000000000000450c       0x2c d:/stm32_install/stm32cubeide_1.7.0/stm32cubeide/plugins/com.st.stm32cube.ide.mcu.externaltools.gnu-tools-for-stm32.9-2020-q2-update.win32_2.0.0.202105311346/tools/bin/../lib/gcc/arm-none-eabi/9.3.1/thumb/v7e-m+fp/hard\libgcc.a(_aeabi_uldivmod.o)
 .debug_frame   0x0000000000004538       0x34 d:/stm32_install/stm32cubeide_1.7.0/stm32cubeide/plugins/com.st.stm32cube.ide.mcu.externaltools.gnu-tools-for-stm32.9-2020-q2-update.win32_2.0.0.202105311346/tools/bin/../lib/gcc/arm-none-eabi/9.3.1/thumb/v7e-m+fp/hard\libgcc.a(_udivmoddi4.o)
